{"timestamp":"2026-09-13T14:32:14.997399","level":"info","event":"DAG bundles loaded: dags-folder","logger":"airflow.dag_processing.bundles.manager.DagBundlesManager"}
{"timestamp":"2026-09-13T14:32:14.998880","level":"info","event":"Filling up the DagBag from /opt/airflow/dags/fintech_pipeline.py","logger":"airflow.models.dagbag.DagBag"}
{"timestamp":"2026-09-13T14:32:15.104213","level":"info","event":"Tmp dir root location: /tmp","logger":"airflow.task.hooks.airflow.providers.standard.hooks.subprocess.SubprocessHook"}
{"timestamp":"2026-09-13T14:32:15.104295","level":"info","event":"Running command: ['/usr/bin/bash', '-c', 'python /opt/airflow/pipelines/gold/transform.py']","logger":"airflow.task.hooks.airflow.providers.standard.hooks.subprocess.SubprocessHook"}
{"timestamp":"2026-09-13T14:32:15.118326","level":"info","event":"Output:","logger":"airflow.task.hooks.airflow.providers.standard.hooks.subprocess.SubprocessHook"}
{"timestamp":"2026-09-13T14:32:16.004745","level":"info","event":"WARNING: Using incubator modules: jdk.incubator.vector","logger":"airflow.task.hooks.airflow.providers.standard.hooks.subprocess.SubprocessHook"}
{"timestamp":"2026-09-13T14:32:17.087159","level":"info","event":"Using Spark's default log4j profile: org/apache/spark/log4j2-defaults.properties","logger":"airflow.task.hooks.airflow.providers.standard.hooks.subprocess.SubprocessHook"}
{"timestamp":"2026-09-13T14:32:17.087425","level":"info","event":"Setting default log level to \"WARN\".","logger":"airflow.task.hooks.airflow.providers.standard.hooks.subprocess.SubprocessHook"}
{"timestamp":"2026-09-13T14:32:17.087503","level":"info","event":"To adjust logging level use sc.setLogLevel(newLevel). For SparkR, use setLogLevel(newLevel).","logger":"airflow.task.hooks.airflow.providers.standard.hooks.subprocess.SubprocessHook"}
{"timestamp":"2026-09-13T14:32:17.720694","level":"info","event":"26/09/13 14:32:17 WARN NativeCodeLoader: Unable to load native-hadoop library for your platform... using builtin-java classes where applicable","logger":"airflow.task.hooks.airflow.providers.standard.hooks.subprocess.SubprocessHook"}
{"timestamp":"2026-09-13T14:32:45.832434","level":"info","event":"\r[Stage 0:>                                                          (0 + 1) / 1]\r\r                                                                                \r\r[Stage 1:>                                                          (0 + 1) / 1]\r\r                                                                                \r\r[Stage 4:>                                                          (0 + 1) / 1]\r\r[Stage 4:===========================================================(1 + 0) / 1]\r\r[Stage 6:>                                                          (0 + 1) / 1]\r\r                                                                                \rSilver record count: 86","logger":"airflow.task.hooks.airflow.providers.standard.hooks.subprocess.SubprocessHook"}
{"timestamp":"2026-09-13T14:32:45.834235","level":"info","event":"","logger":"airflow.task.hooks.airflow.providers.standard.hooks.subprocess.SubprocessHook"}
{"timestamp":"2026-09-13T14:32:45.834303","level":"info","event":"Gold Layer Summary","logger":"airflow.task.hooks.airflow.providers.standard.hooks.subprocess.SubprocessHook"}
{"timestamp":"2026-09-13T14:32:45.834348","level":"info","event":"------------------","logger":"airflow.task.hooks.airflow.providers.standard.hooks.subprocess.SubprocessHook"}
{"timestamp":"2026-09-13T14:32:45.834427","level":"info","event":"Customers: 4","logger":"airflow.task.hooks.airflow.providers.standard.hooks.subprocess.SubprocessHook"}
{"timestamp":"2026-09-13T14:32:45.834465","level":"info","event":"Merchants: 4","logger":"airflow.task.hooks.airflow.providers.standard.hooks.subprocess.SubprocessHook"}
{"timestamp":"2026-09-13T14:32:45.834512","level":"info","event":"Dates: 1","logger":"airflow.task.hooks.airflow.providers.standard.hooks.subprocess.SubprocessHook"}
{"timestamp":"2026-09-13T14:32:45.834546","level":"info","event":"Payments: 86","logger":"airflow.task.hooks.airflow.providers.standard.hooks.subprocess.SubprocessHook"}
{"timestamp":"2026-09-13T14:32:45.834590","level":"info","event":"","logger":"airflow.task.hooks.airflow.providers.standard.hooks.subprocess.SubprocessHook"}
{"timestamp":"2026-09-13T14:32:45.834661","level":"info","event":"FACT_PAYMENT","logger":"airflow.task.hooks.airflow.providers.standard.hooks.subprocess.SubprocessHook"}
{"timestamp":"2026-09-13T14:32:45.834686","level":"info","event":"+------------------------------------+------------+------------+--------+------+--------+--------------------------------+","logger":"airflow.task.hooks.airflow.providers.standard.hooks.subprocess.SubprocessHook"}
{"timestamp":"2026-09-13T14:32:45.835322","level":"info","event":"|event_id                            |customer_id |merchant_id |date_key|amount|currency|timestamp                       |","logger":"airflow.task.hooks.airflow.providers.standard.hooks.subprocess.SubprocessHook"}
{"timestamp":"2026-09-13T14:32:45.835544","level":"info","event":"+------------------------------------+------------+------------+--------+------+--------+--------------------------------+","logger":"airflow.task.hooks.airflow.providers.standard.hooks.subprocess.SubprocessHook"}
{"timestamp":"2026-09-13T14:32:45.835658","level":"info","event":"|00475989-1c4a-45a2-a743-f7164004e8f5|customer_003|merchant_002|20260913|55.64 |GBP     |2026-09-13T11:16:03.840473+00:00|","logger":"airflow.task.hooks.airflow.providers.standard.hooks.subprocess.SubprocessHook"}
{"timestamp":"2026-09-13T14:32:45.835725","level":"info","event":"|0517e9fa-3ef7-4249-83dd-575b4f9cfe8e|customer_002|merchant_004|20260913|356.64|GBP     |2026-09-13T10:59:38.730409+00:00|","logger":"airflow.task.hooks.airflow.providers.standard.hooks.subprocess.SubprocessHook"}
{"timestamp":"2026-09-13T14:32:45.835793","level":"info","event":"|0662b3c5-eccd-4bc2-993e-12ae8d7fb649|customer_002|merchant_004|20260913|497.71|GBP     |2026-09-13T12:20:55.693302+00:00|","logger":"airflow.task.hooks.airflow.providers.standard.hooks.subprocess.SubprocessHook"}
{"timestamp":"2026-09-13T14:32:45.835856","level":"info","event":"|078fba22-74c1-4e18-9813-0f0a50f3ef7b|customer_004|merchant_003|20260913|305.6 |GBP     |2026-09-13T12:20:57.833327+00:00|","logger":"airflow.task.hooks.airflow.providers.standard.hooks.subprocess.SubprocessHook"}
{"timestamp":"2026-09-13T14:32:45.835978","level":"info","event":"|0c9a2111-fedc-4334-a449-5e808048ed29|customer_004|merchant_003|20260913|415.78|GBP     |2026-09-13T12:21:20.173389+00:00|","logger":"airflow.task.hooks.airflow.providers.standard.hooks.subprocess.SubprocessHook"}
{"timestamp":"2026-09-13T14:32:45.836203","level":"info","event":"|16310d2b-8845-4c49-8bec-0a90cb2b2274|customer_002|merchant_001|20260913|30.81 |GBP     |2026-09-13T11:15:58.699176+00:00|","logger":"airflow.task.hooks.airflow.providers.standard.hooks.subprocess.SubprocessHook"}
{"timestamp":"2026-09-13T14:32:45.836276","level":"info","event":"|164daf50-deb1-4995-b33f-cae093012825|customer_003|merchant_002|20260913|122.53|GBP     |2026-09-13T12:21:52.685440+00:00|","logger":"airflow.task.hooks.airflow.providers.standard.hooks.subprocess.SubprocessHook"}
{"timestamp":"2026-09-13T14:32:45.836328","level":"info","event":"|1d9d6c95-d0ea-47e8-80ad-11bbef4855fa|customer_001|merchant_003|20260913|464.34|GBP     |2026-09-13T12:20:59.857294+00:00|","logger":"airflow.task.hooks.airflow.providers.standard.hooks.subprocess.SubprocessHook"}
{"timestamp":"2026-09-13T14:32:45.836391","level":"info","event":"|291a130c-3594-47b2-8b75-7c599beb8d96|customer_003|merchant_002|20260913|331.66|GBP     |2026-09-13T12:21:42.528619+00:00|","logger":"airflow.task.hooks.airflow.providers.standard.hooks.subprocess.SubprocessHook"}
{"timestamp":"2026-09-13T14:32:45.836511","level":"info","event":"|2e1de229-51ee-45e0-a292-7413faaea4f2|customer_001|merchant_002|20260913|442.34|GBP     |2026-09-13T11:15:55.640206+00:00|","logger":"airflow.task.hooks.airflow.providers.standard.hooks.subprocess.SubprocessHook"}
{"timestamp":"2026-09-13T14:32:45.836561","level":"info","event":"+------------------------------------+------------+------------+--------+------+--------+--------------------------------+","logger":"airflow.task.hooks.airflow.providers.standard.hooks.subprocess.SubprocessHook"}
{"timestamp":"2026-09-13T14:32:45.836653","level":"info","event":"only showing top 10 rows","logger":"airflow.task.hooks.airflow.providers.standard.hooks.subprocess.SubprocessHook"}
{"timestamp":"2026-09-13T14:32:45.837087","level":"info","event":"","logger":"airflow.task.hooks.airflow.providers.standard.hooks.subprocess.SubprocessHook"}
{"timestamp":"2026-09-13T14:32:45.837170","level":"info","event":"DIM_MERCHANT","logger":"airflow.task.hooks.airflow.providers.standard.hooks.subprocess.SubprocessHook"}
{"timestamp":"2026-09-13T14:32:45.837245","level":"info","event":"+------------+------------+","logger":"airflow.task.hooks.airflow.providers.standard.hooks.subprocess.SubprocessHook"}
{"timestamp":"2026-09-13T14:32:45.837339","level":"info","event":"|merchant_key|merchant_id |","logger":"airflow.task.hooks.airflow.providers.standard.hooks.subprocess.SubprocessHook"}
{"timestamp":"2026-09-13T14:32:45.837552","level":"info","event":"+------------+------------+","logger":"airflow.task.hooks.airflow.providers.standard.hooks.subprocess.SubprocessHook"}
{"timestamp":"2026-09-13T14:32:45.837700","level":"info","event":"|merchant_003|merchant_003|","logger":"airflow.task.hooks.airflow.providers.standard.hooks.subprocess.SubprocessHook"}
{"timestamp":"2026-09-13T14:32:45.837921","level":"info","event":"|merchant_004|merchant_004|","logger":"airflow.task.hooks.airflow.providers.standard.hooks.subprocess.SubprocessHook"}
{"timestamp":"2026-09-13T14:32:45.838365","level":"info","event":"|merchant_002|merchant_002|","logger":"airflow.task.hooks.airflow.providers.standard.hooks.subprocess.SubprocessHook"}
{"timestamp":"2026-09-13T14:32:45.838781","level":"info","event":"|merchant_001|merchant_001|","logger":"airflow.task.hooks.airflow.providers.standard.hooks.subprocess.SubprocessHook"}
{"timestamp":"2026-09-13T14:32:45.839029","level":"info","event":"+------------+------------+","logger":"airflow.task.hooks.airflow.providers.standard.hooks.subprocess.SubprocessHook"}
{"timestamp":"2026-09-13T14:32:45.839162","level":"info","event":"","logger":"airflow.task.hooks.airflow.providers.standard.hooks.subprocess.SubprocessHook"}
{"timestamp":"2026-09-13T14:32:45.839232","level":"info","event":"","logger":"airflow.task.hooks.airflow.providers.standard.hooks.subprocess.SubprocessHook"}
{"timestamp":"2026-09-13T14:32:45.839315","level":"info","event":"DIM_CUSTOMER","logger":"airflow.task.hooks.airflow.providers.standard.hooks.subprocess.SubprocessHook"}
{"timestamp":"2026-09-13T14:32:45.839375","level":"info","event":"+------------+------------+","logger":"airflow.task.hooks.airflow.providers.standard.hooks.subprocess.SubprocessHook"}
{"timestamp":"2026-09-13T14:32:45.839509","level":"info","event":"|customer_key|customer_id |","logger":"airflow.task.hooks.airflow.providers.standard.hooks.subprocess.SubprocessHook"}
{"timestamp":"2026-09-13T14:32:45.839571","level":"info","event":"+------------+------------+","logger":"airflow.task.hooks.airflow.providers.standard.hooks.subprocess.SubprocessHook"}
{"timestamp":"2026-09-13T14:32:45.839817","level":"info","event":"|customer_002|customer_002|","logger":"airflow.task.hooks.airflow.providers.standard.hooks.subprocess.SubprocessHook"}
{"timestamp":"2026-09-13T14:32:45.840036","level":"info","event":"|customer_003|customer_003|","logger":"airflow.task.hooks.airflow.providers.standard.hooks.subprocess.SubprocessHook"}
{"timestamp":"2026-09-13T14:32:45.840373","level":"info","event":"|customer_004|customer_004|","logger":"airflow.task.hooks.airflow.providers.standard.hooks.subprocess.SubprocessHook"}
{"timestamp":"2026-09-13T14:32:45.840509","level":"info","event":"|customer_001|customer_001|","logger":"airflow.task.hooks.airflow.providers.standard.hooks.subprocess.SubprocessHook"}
{"timestamp":"2026-09-13T14:32:45.840587","level":"info","event":"+------------+------------+","logger":"airflow.task.hooks.airflow.providers.standard.hooks.subprocess.SubprocessHook"}
{"timestamp":"2026-09-13T14:32:45.840691","level":"info","event":"","logger":"airflow.task.hooks.airflow.providers.standard.hooks.subprocess.SubprocessHook"}
{"timestamp":"2026-09-13T14:32:45.840826","level":"info","event":"","logger":"airflow.task.hooks.airflow.providers.standard.hooks.subprocess.SubprocessHook"}
{"timestamp":"2026-09-13T14:32:45.841278","level":"info","event":"DIM_DATE","logger":"airflow.task.hooks.airflow.providers.standard.hooks.subprocess.SubprocessHook"}
{"timestamp":"2026-09-13T14:32:45.841546","level":"info","event":"+--------+----------+----+-----+---+-----------+","logger":"airflow.task.hooks.airflow.providers.standard.hooks.subprocess.SubprocessHook"}
{"timestamp":"2026-09-13T14:32:45.841599","level":"info","event":"|date_key|date      |year|month|day|day_of_week|","logger":"airflow.task.hooks.airflow.providers.standard.hooks.subprocess.SubprocessHook"}
{"timestamp":"2026-09-13T14:32:45.841707","level":"info","event":"+--------+----------+----+-----+---+-----------+","logger":"airflow.task.hooks.airflow.providers.standard.hooks.subprocess.SubprocessHook"}
{"timestamp":"2026-09-13T14:32:45.841851","level":"info","event":"|20260913|2026-09-13|2026|9    |13 |1          |","logger":"airflow.task.hooks.airflow.providers.standard.hooks.subprocess.SubprocessHook"}
{"timestamp":"2026-09-13T14:32:45.841938","level":"info","event":"+--------+----------+----+-----+---+-----------+","logger":"airflow.task.hooks.airflow.providers.standard.hooks.subprocess.SubprocessHook"}
{"timestamp":"2026-09-13T14:32:45.841992","level":"info","event":"","logger":"airflow.task.hooks.airflow.providers.standard.hooks.subprocess.SubprocessHook"}
{"timestamp":"2026-09-13T14:32:47.655917","level":"info","event":"Command exited with return code 0","logger":"airflow.task.hooks.airflow.providers.standard.hooks.subprocess.SubprocessHook"}
{"timestamp":"2026-09-13T14:32:47.682153","level":"info","event":"Pushing xcom","ti":"RuntimeTaskInstance(id=UUID('01a09b2e-974a-7ea2-bc0b-00c7928d5c82'), task_id='run_gold', dag_id='fintech_data_pipeline', run_id='manual__2026-09-13T14:31:56.930669+00:00', try_number=1, map_index=-1, hostname='00064ceaeaf1', context_carrier=None, task=<Task(BashOperator): run_gold>, bundle_instance=LocalDagBundle(name=dags-folder), max_tries=0, start_date=datetime.datetime(2026, 9, 13, 14, 32, 14, 909162, tzinfo=datetime.timezone.utc), end_date=None, state=<TaskInstanceState.RUNNING: 'running'>, is_mapped=False, rendered_map_index=None, log_url='http://localhost:8080/dags/fintech_data_pipeline/runs/manual__2026-09-13T14%3A31%3A56.930669%2B00%3A00/tasks/run_gold?try_number=1')","logger":"task"}
