{"timestamp":"2026-09-13T14:31:59.593426","level":"info","event":"DAG bundles loaded: dags-folder","logger":"airflow.dag_processing.bundles.manager.DagBundlesManager"}
{"timestamp":"2026-09-13T14:31:59.598186","level":"info","event":"Filling up the DagBag from /opt/airflow/dags/fintech_pipeline.py","logger":"airflow.models.dagbag.DagBag"}
{"timestamp":"2026-09-13T14:32:00.772099","level":"info","event":"Tmp dir root location: /tmp","logger":"airflow.task.hooks.airflow.providers.standard.hooks.subprocess.SubprocessHook"}
{"timestamp":"2026-09-13T14:32:00.772500","level":"info","event":"Running command: ['/usr/bin/bash', '-c', 'python /opt/airflow/pipelines/silver/transform.py']","logger":"airflow.task.hooks.airflow.providers.standard.hooks.subprocess.SubprocessHook"}
{"timestamp":"2026-09-13T14:32:00.803002","level":"info","event":"Output:","logger":"airflow.task.hooks.airflow.providers.standard.hooks.subprocess.SubprocessHook"}
{"timestamp":"2026-09-13T14:32:02.012238","level":"info","event":"WARNING: Using incubator modules: jdk.incubator.vector","logger":"airflow.task.hooks.airflow.providers.standard.hooks.subprocess.SubprocessHook"}
{"timestamp":"2026-09-13T14:32:03.619484","level":"info","event":"Using Spark's default log4j profile: org/apache/spark/log4j2-defaults.properties","logger":"airflow.task.hooks.airflow.providers.standard.hooks.subprocess.SubprocessHook"}
{"timestamp":"2026-09-13T14:32:03.620148","level":"info","event":"Setting default log level to \"WARN\".","logger":"airflow.task.hooks.airflow.providers.standard.hooks.subprocess.SubprocessHook"}
{"timestamp":"2026-09-13T14:32:03.620213","level":"info","event":"To adjust logging level use sc.setLogLevel(newLevel). For SparkR, use setLogLevel(newLevel).","logger":"airflow.task.hooks.airflow.providers.standard.hooks.subprocess.SubprocessHook"}
{"timestamp":"2026-09-13T14:32:04.669175","level":"info","event":"26/09/13 14:32:04 WARN NativeCodeLoader: Unable to load native-hadoop library for your platform... using builtin-java classes where applicable","logger":"airflow.task.hooks.airflow.providers.standard.hooks.subprocess.SubprocessHook"}
{"timestamp":"2026-09-13T14:32:13.952185","level":"info","event":"\r[Stage 17:>                                                         (0 + 1) / 1]\r\r                                                                                \rBronze record count: 114","logger":"airflow.task.hooks.airflow.providers.standard.hooks.subprocess.SubprocessHook"}
{"timestamp":"2026-09-13T14:32:13.952990","level":"info","event":"","logger":"airflow.task.hooks.airflow.providers.standard.hooks.subprocess.SubprocessHook"}
{"timestamp":"2026-09-13T14:32:13.953105","level":"info","event":"Data Quality Summary","logger":"airflow.task.hooks.airflow.providers.standard.hooks.subprocess.SubprocessHook"}
{"timestamp":"2026-09-13T14:32:13.953186","level":"info","event":"--------------------","logger":"airflow.task.hooks.airflow.providers.standard.hooks.subprocess.SubprocessHook"}
{"timestamp":"2026-09-13T14:32:13.953403","level":"info","event":"Bronze records: 114","logger":"airflow.task.hooks.airflow.providers.standard.hooks.subprocess.SubprocessHook"}
{"timestamp":"2026-09-13T14:32:13.953532","level":"info","event":"Valid records: 86","logger":"airflow.task.hooks.airflow.providers.standard.hooks.subprocess.SubprocessHook"}
{"timestamp":"2026-09-13T14:32:13.953582","level":"info","event":"Quarantined records: 28","logger":"airflow.task.hooks.airflow.providers.standard.hooks.subprocess.SubprocessHook"}
{"timestamp":"2026-09-13T14:32:13.953635","level":"info","event":"","logger":"airflow.task.hooks.airflow.providers.standard.hooks.subprocess.SubprocessHook"}
{"timestamp":"2026-09-13T14:32:13.953843","level":"info","event":"Rejection reasons:","logger":"airflow.task.hooks.airflow.providers.standard.hooks.subprocess.SubprocessHook"}
{"timestamp":"2026-09-13T14:32:13.953965","level":"info","event":"+----------------------+-----+","logger":"airflow.task.hooks.airflow.providers.standard.hooks.subprocess.SubprocessHook"}
{"timestamp":"2026-09-13T14:32:13.954064","level":"info","event":"|rejection_reason      |count|","logger":"airflow.task.hooks.airflow.providers.standard.hooks.subprocess.SubprocessHook"}
{"timestamp":"2026-09-13T14:32:13.954135","level":"info","event":"+----------------------+-----+","logger":"airflow.task.hooks.airflow.providers.standard.hooks.subprocess.SubprocessHook"}
{"timestamp":"2026-09-13T14:32:13.954219","level":"info","event":"|customer_id is null   |10   |","logger":"airflow.task.hooks.airflow.providers.standard.hooks.subprocess.SubprocessHook"}
{"timestamp":"2026-09-13T14:32:13.954323","level":"info","event":"|amount is null or <= 0|9    |","logger":"airflow.task.hooks.airflow.providers.standard.hooks.subprocess.SubprocessHook"}
{"timestamp":"2026-09-13T14:32:13.954635","level":"info","event":"|invalid currency      |9    |","logger":"airflow.task.hooks.airflow.providers.standard.hooks.subprocess.SubprocessHook"}
{"timestamp":"2026-09-13T14:32:13.954705","level":"info","event":"+----------------------+-----+","logger":"airflow.task.hooks.airflow.providers.standard.hooks.subprocess.SubprocessHook"}
{"timestamp":"2026-09-13T14:32:13.954779","level":"info","event":"","logger":"airflow.task.hooks.airflow.providers.standard.hooks.subprocess.SubprocessHook"}
{"timestamp":"2026-09-13T14:32:13.954865","level":"info","event":"Silver data written to data/processed/silver","logger":"airflow.task.hooks.airflow.providers.standard.hooks.subprocess.SubprocessHook"}
{"timestamp":"2026-09-13T14:32:13.954947","level":"info","event":"Quarantine data written to data/processed/quarantine","logger":"airflow.task.hooks.airflow.providers.standard.hooks.subprocess.SubprocessHook"}
{"timestamp":"2026-09-13T14:32:14.496587","level":"info","event":"Command exited with return code 0","logger":"airflow.task.hooks.airflow.providers.standard.hooks.subprocess.SubprocessHook"}
{"timestamp":"2026-09-13T14:32:14.502048","level":"info","event":"Pushing xcom","ti":"RuntimeTaskInstance(id=UUID('01a09b2e-9749-7fc7-8184-f20cb058fd21'), task_id='run_silver', dag_id='fintech_data_pipeline', run_id='manual__2026-09-13T14:31:56.930669+00:00', try_number=1, map_index=-1, hostname='00064ceaeaf1', context_carrier=None, task=<Task(BashOperator): run_silver>, bundle_instance=LocalDagBundle(name=dags-folder), max_tries=0, start_date=datetime.datetime(2026, 9, 13, 14, 31, 59, 298757, tzinfo=datetime.timezone.utc), end_date=None, state=<TaskInstanceState.RUNNING: 'running'>, is_mapped=False, rendered_map_index=None, log_url='http://localhost:8080/dags/fintech_data_pipeline/runs/manual__2026-09-13T14%3A31%3A56.930669%2B00%3A00/tasks/run_silver?try_number=1')","logger":"task"}
